{ , ERROR , 2}
{ , ERROR , 2}
{ , ERROR , 2}
{END , ID , 2}
{ , ERROR , 2}
{OF , ID , 2}
{ , ERROR , 2}
{FILE , ID , 2}
{MINUS , ID , 2}
{PLUS , ID , 2}
{NUM , ID , 2}
{ID , ID , 2}
{1 , NUM , 4}
{x08 , ID , 4}
{1 , NUM , 5}
{x , ID , 5}
{0 , NUM , 5}
{8 , NUM , 5}
{1 , NUM , 6}
{x0 , ID , 6}
{8 , NUM , 6}
{1 , NUM , 7}
{x09 , ID , 7}
{3BCx16 , BASE16NUM , 9}
{3 , NUM , 10}
{BC , ID , 10}
{x16 , ID , 10}
{3 , NUM , 11}
{BCx , ID , 11}
{16 , NUM , 11}
{3 , NUM , 12}
{BCx1 , ID , 12}
{6 , NUM , 12}
{3 , NUM , 13}
{BCx17 , ID , 13}
{ , END_OF_FILE , 15}
