{1 , NUM , 2}
{1111 , NUM , 3}
{11111222.34 , REALNUM , 3}
{hello , ID , 4}
{1x08 , BASE08NUM , 4}
{ , DOT , 5}
{ , COMMA , 5}
{ , SEMICOLON , 5}
{ , LPAREN , 5}
{ , RPAREN , 5}
{ , LBRAC , 5}
{ , RBRAC , 5}
{ , LESS , 5}
{ , GREATER , 5}
{ , NOTEQUAL , 5}
{ , GTEQ , 5}
{ , LTEQ , 5}
{ , EQUAL , 5}
{ , COLON , 5}
{IF , IF , 6}
{WHILE , WHILE , 6}
{DO , DO , 6}
{THEN , THEN , 6}
{PRINT , PRINT , 6}
{ , PLUS , 7}
{ , MINUS , 7}
{ , MULT , 7}
{ , DIV , 7}
{ , ERROR , 7}
{ , END_OF_FILE , 9}
